../Drivers/lvgl/lvgl/src/draw/../misc/../font/../misc/lv_area.h:123:26:lv_area_get_width	16	static
../Drivers/lvgl/lvgl/src/draw/../misc/../font/lv_font.h:124:26:lv_font_get_line_height	16	static
../Drivers/lvgl/lvgl/src/draw/../misc/lv_mem.h:194:44:lv_memcpy_small	32	static
../Drivers/lvgl/lvgl/src/draw/../misc/lv_color.h:595:26:lv_color_make	16	static
../Drivers/lvgl/lvgl/src/draw/../misc/lv_color.h:700:26:lv_color_black	8	static
../Drivers/lvgl/lvgl/src/draw/lv_draw_label.c:55:28:lv_draw_label_dsc_init	24	static
../Drivers/lvgl/lvgl/src/draw/lv_draw_label.c:77:28:lv_draw_label	456	static
../Drivers/lvgl/lvgl/src/draw/lv_draw_label.c:364:6:lv_draw_letter	32	static
../Drivers/lvgl/lvgl/src/draw/lv_draw_label.c:380:16:hex_char_to_num	24	static
