../Drivers/lvgl/lvgl/src/others/observer/../../core/../misc/../font/../draw/../misc/../stdlib/lv_string.h:73:20:lv_memzero	16	static
../Drivers/lvgl/lvgl/src/others/observer/lv_observer.c:77:6:lv_subject_init_int	16	static
../Drivers/lvgl/lvgl/src/others/observer/lv_observer.c:86:6:lv_subject_set_int	16	static
../Drivers/lvgl/lvgl/src/others/observer/lv_observer.c:98:9:lv_subject_get_int	16	static
../Drivers/lvgl/lvgl/src/others/observer/lv_observer.c:108:9:lv_subject_get_previous_int	16	static
../Drivers/lvgl/lvgl/src/others/observer/lv_observer.c:118:6:lv_subject_init_string	24	static
../Drivers/lvgl/lvgl/src/others/observer/lv_observer.c:132:6:lv_subject_copy_string	16	static
../Drivers/lvgl/lvgl/src/others/observer/lv_observer.c:150:14:lv_subject_get_string	16	static
../Drivers/lvgl/lvgl/src/others/observer/lv_observer.c:160:14:lv_subject_get_previous_string	16	static
../Drivers/lvgl/lvgl/src/others/observer/lv_observer.c:170:6:lv_subject_init_pointer	16	static
../Drivers/lvgl/lvgl/src/others/observer/lv_observer.c:179:6:lv_subject_set_pointer	16	static
../Drivers/lvgl/lvgl/src/others/observer/lv_observer.c:191:14:lv_subject_get_pointer	16	static
../Drivers/lvgl/lvgl/src/others/observer/lv_observer.c:201:14:lv_subject_get_previous_pointer	16	static
../Drivers/lvgl/lvgl/src/others/observer/lv_observer.c:211:6:lv_subject_init_color	16	static
../Drivers/lvgl/lvgl/src/others/observer/lv_observer.c:220:6:lv_subject_set_color	16	static
../Drivers/lvgl/lvgl/src/others/observer/lv_observer.c:232:12:lv_subject_get_color	24	static
../Drivers/lvgl/lvgl/src/others/observer/lv_observer.c:242:12:lv_subject_get_previous_color	24	static
../Drivers/lvgl/lvgl/src/others/observer/lv_observer.c:252:6:lv_subject_init_group	32	static
../Drivers/lvgl/lvgl/src/others/observer/lv_observer.c:267:6:lv_subject_deinit	24	static
../Drivers/lvgl/lvgl/src/others/observer/lv_observer.c:285:16:lv_subject_get_group_element	16	static
../Drivers/lvgl/lvgl/src/others/observer/lv_observer.c:297:17:lv_subject_add_observer	32	static
../Drivers/lvgl/lvgl/src/others/observer/lv_observer.c:306:17:lv_subject_add_observer_obj	32	static
../Drivers/lvgl/lvgl/src/others/observer/lv_observer.c:336:17:lv_subject_add_observer_with_target	32	static
../Drivers/lvgl/lvgl/src/others/observer/lv_observer.c:362:6:lv_observer_remove	16	static
../Drivers/lvgl/lvgl/src/others/observer/lv_observer.c:376:6:lv_obj_remove_from_subject	32	static
../Drivers/lvgl/lvgl/src/others/observer/lv_observer.c:392:8:lv_observer_get_target	16	static
../Drivers/lvgl/lvgl/src/others/observer/lv_observer.c:399:6:lv_subject_notify	24	static
../Drivers/lvgl/lvgl/src/others/observer/lv_observer.c:420:17:lv_obj_bind_flag_if_eq	40	static
../Drivers/lvgl/lvgl/src/others/observer/lv_observer.c:426:17:lv_obj_bind_flag_if_not_eq	40	static
../Drivers/lvgl/lvgl/src/others/observer/lv_observer.c:433:17:lv_obj_bind_state_if_eq	40	static
../Drivers/lvgl/lvgl/src/others/observer/lv_observer.c:439:17:lv_obj_bind_state_if_not_eq	40	static
../Drivers/lvgl/lvgl/src/others/observer/lv_observer.c:445:17:lv_obj_bind_checked	32	static
../Drivers/lvgl/lvgl/src/others/observer/lv_observer.c:453:17:lv_label_bind_text	32	static
../Drivers/lvgl/lvgl/src/others/observer/lv_observer.c:475:17:lv_arc_bind_value	24	static
../Drivers/lvgl/lvgl/src/others/observer/lv_observer.c:490:17:lv_slider_bind_value	24	static
../Drivers/lvgl/lvgl/src/others/observer/lv_observer.c:506:17:lv_roller_bind_value	24	static
../Drivers/lvgl/lvgl/src/others/observer/lv_observer.c:523:17:lv_dropdown_bind_value	24	static
../Drivers/lvgl/lvgl/src/others/observer/lv_observer.c:539:12:lv_observer_get_target_obj	16	static
../Drivers/lvgl/lvgl/src/others/observer/lv_observer.c:544:8:lv_observer_get_user_data	16	static
../Drivers/lvgl/lvgl/src/others/observer/lv_observer.c:555:13:group_notify_cb	24	static
../Drivers/lvgl/lvgl/src/others/observer/lv_observer.c:562:13:unsubscribe_on_delete_cb	24	static
../Drivers/lvgl/lvgl/src/others/observer/lv_observer.c:568:24:bind_to_bitfield	32	static
../Drivers/lvgl/lvgl/src/others/observer/lv_observer.c:591:13:obj_flag_observer_cb	24	static
../Drivers/lvgl/lvgl/src/others/observer/lv_observer.c:606:13:obj_state_observer_cb	24	static
../Drivers/lvgl/lvgl/src/others/observer/lv_observer.c:621:13:obj_value_changed_event_cb	24	static
../Drivers/lvgl/lvgl/src/others/observer/lv_observer.c:631:13:label_text_observer_cb	24	static
../Drivers/lvgl/lvgl/src/others/observer/lv_observer.c:657:13:arc_value_changed_event_cb	24	static
../Drivers/lvgl/lvgl/src/others/observer/lv_observer.c:665:13:arc_value_observer_cb	16	static
../Drivers/lvgl/lvgl/src/others/observer/lv_observer.c:674:13:slider_value_changed_event_cb	24	static
../Drivers/lvgl/lvgl/src/others/observer/lv_observer.c:682:13:slider_value_observer_cb	16	static
../Drivers/lvgl/lvgl/src/others/observer/lv_observer.c:691:13:roller_value_changed_event_cb	24	static
../Drivers/lvgl/lvgl/src/others/observer/lv_observer.c:699:13:roller_value_observer_cb	16	static
../Drivers/lvgl/lvgl/src/others/observer/lv_observer.c:710:13:dropdown_value_changed_event_cb	24	static
../Drivers/lvgl/lvgl/src/others/observer/lv_observer.c:718:13:dropdown_value_observer_cb	16	static
