../Drivers/lvgl/lvgl/src/widgets/scale/../../core/lv_obj_style_gen.h:22:23:lv_obj_get_style_width	24	static
../Drivers/lvgl/lvgl/src/widgets/scale/../../core/lv_obj_style_gen.h:40:23:lv_obj_get_style_height	24	static
../Drivers/lvgl/lvgl/src/widgets/scale/../../core/lv_obj_style_gen.h:58:23:lv_obj_get_style_length	24	static
../Drivers/lvgl/lvgl/src/widgets/scale/../../core/lv_obj_style_gen.h:148:23:lv_obj_get_style_pad_top	24	static
../Drivers/lvgl/lvgl/src/widgets/scale/../../core/lv_obj_style_gen.h:154:23:lv_obj_get_style_pad_bottom	24	static
../Drivers/lvgl/lvgl/src/widgets/scale/../../core/lv_obj_style_gen.h:160:23:lv_obj_get_style_pad_left	24	static
../Drivers/lvgl/lvgl/src/widgets/scale/../../core/lv_obj_style_gen.h:166:23:lv_obj_get_style_pad_right	24	static
../Drivers/lvgl/lvgl/src/widgets/scale/../../core/lv_obj_style_gen.h:331:23:lv_obj_get_style_border_width	24	static
../Drivers/lvgl/lvgl/src/widgets/scale/../../core/lv_obj_style_gen.h:448:23:lv_obj_get_style_line_width	24	static
../Drivers/lvgl/lvgl/src/widgets/scale/../../core/lv_obj_style_gen.h:472:26:lv_obj_get_style_line_color	24	static
../Drivers/lvgl/lvgl/src/widgets/scale/../../core/lv_obj_style_gen.h:484:24:lv_obj_get_style_line_opa	24	static
../Drivers/lvgl/lvgl/src/widgets/scale/../../core/lv_obj_style_gen.h:526:26:lv_obj_get_style_text_color	24	static
../Drivers/lvgl/lvgl/src/widgets/scale/../../core/lv_obj_style_gen.h:538:24:lv_obj_get_style_text_opa	24	static
../Drivers/lvgl/lvgl/src/widgets/scale/../../core/lv_obj_style_gen.h:544:33:lv_obj_get_style_text_font	24	static
../Drivers/lvgl/lvgl/src/widgets/scale/../../core/lv_obj_style_gen.h:550:23:lv_obj_get_style_text_letter_space	24	static
../Drivers/lvgl/lvgl/src/widgets/scale/lv_scale.c:92:12:lv_scale_create	24	static
../Drivers/lvgl/lvgl/src/widgets/scale/lv_scale.c:112:6:lv_scale_set_mode	24	static
../Drivers/lvgl/lvgl/src/widgets/scale/lv_scale.c:122:6:lv_scale_set_total_tick_count	24	static
../Drivers/lvgl/lvgl/src/widgets/scale/lv_scale.c:132:6:lv_scale_set_major_tick_every	24	static
../Drivers/lvgl/lvgl/src/widgets/scale/lv_scale.c:142:6:lv_scale_set_label_show	24	static
../Drivers/lvgl/lvgl/src/widgets/scale/lv_scale.c:152:6:lv_scale_set_range	32	static
../Drivers/lvgl/lvgl/src/widgets/scale/lv_scale.c:163:6:lv_scale_set_angle_range	24	static
../Drivers/lvgl/lvgl/src/widgets/scale/lv_scale.c:173:6:lv_scale_set_rotation	24	static
../Drivers/lvgl/lvgl/src/widgets/scale/lv_scale.c:183:6:lv_scale_set_line_needle_value	72	static
../Drivers/lvgl/lvgl/src/widgets/scale/lv_scale.c:265:6:lv_scale_set_image_needle_value	32	static
../Drivers/lvgl/lvgl/src/widgets/scale/lv_scale.c:288:6:lv_scale_set_text_src	24	static
../Drivers/lvgl/lvgl/src/widgets/scale/lv_scale.c:305:6:lv_scale_set_post_draw	24	static
../Drivers/lvgl/lvgl/src/widgets/scale/lv_scale.c:315:6:lv_scale_set_draw_ticks_on_top	24	static
../Drivers/lvgl/lvgl/src/widgets/scale/lv_scale.c:325:22:lv_scale_add_section	24	static
../Drivers/lvgl/lvgl/src/widgets/scale/lv_scale.c:350:6:lv_scale_section_set_range	24	static
../Drivers/lvgl/lvgl/src/widgets/scale/lv_scale.c:358:6:lv_scale_section_set_style	24	static
../Drivers/lvgl/lvgl/src/widgets/scale/lv_scale.c:382:17:lv_scale_get_mode	24	static
../Drivers/lvgl/lvgl/src/widgets/scale/lv_scale.c:388:9:lv_scale_get_total_tick_count	24	static
../Drivers/lvgl/lvgl/src/widgets/scale/lv_scale.c:394:9:lv_scale_get_major_tick_every	24	static
../Drivers/lvgl/lvgl/src/widgets/scale/lv_scale.c:400:6:lv_scale_get_label_show	24	static
../Drivers/lvgl/lvgl/src/widgets/scale/lv_scale.c:406:10:lv_scale_get_angle_range	24	static
../Drivers/lvgl/lvgl/src/widgets/scale/lv_scale.c:412:9:lv_scale_get_range_min_value	24	static
../Drivers/lvgl/lvgl/src/widgets/scale/lv_scale.c:418:9:lv_scale_get_range_max_value	24	static
../Drivers/lvgl/lvgl/src/widgets/scale/lv_scale.c:432:13:lv_scale_constructor	24	static
../Drivers/lvgl/lvgl/src/widgets/scale/lv_scale.c:461:13:lv_scale_destructor	24	static
../Drivers/lvgl/lvgl/src/widgets/scale/lv_scale.c:478:13:lv_scale_event	32	static
../Drivers/lvgl/lvgl/src/widgets/scale/lv_scale.c:530:13:scale_draw_indicator	368	static
../Drivers/lvgl/lvgl/src/widgets/scale/lv_scale.c:618:13:scale_draw_label	136	static
../Drivers/lvgl/lvgl/src/widgets/scale/lv_scale.c:683:13:scale_calculate_main_compensation	208	static
../Drivers/lvgl/lvgl/src/widgets/scale/lv_scale.c:742:13:scale_draw_main	296	static
../Drivers/lvgl/lvgl/src/widgets/scale/lv_scale.c:915:13:scale_get_center	56	static
../Drivers/lvgl/lvgl/src/widgets/scale/lv_scale.c:941:13:scale_get_tick_points	232	static
../Drivers/lvgl/lvgl/src/widgets/scale/lv_scale.c:1105:13:scale_get_label_coords	64	static
../Drivers/lvgl/lvgl/src/widgets/scale/lv_scale.c:1161:13:scale_set_line_properties	40	static
../Drivers/lvgl/lvgl/src/widgets/scale/lv_scale.c:1211:13:scale_set_arc_properties	40	static
../Drivers/lvgl/lvgl/src/widgets/scale/lv_scale.c:1260:13:scale_set_indicator_label_properties	40	static
../Drivers/lvgl/lvgl/src/widgets/scale/lv_scale.c:1312:13:scale_find_section_tick_idx	56	static
../Drivers/lvgl/lvgl/src/widgets/scale/lv_scale.c:1356:13:scale_store_main_line_tick_width_compensation	40	static
../Drivers/lvgl/lvgl/src/widgets/scale/lv_scale.c:1403:13:scale_build_custom_label_text	32	static
../Drivers/lvgl/lvgl/src/widgets/scale/lv_scale.c:1435:13:scale_store_section_line_tick_width_compensation	40	static
../Drivers/lvgl/lvgl/src/widgets/scale/lv_scale.c:1498:13:scale_free_line_needle_points_cb	24	static
