../Drivers/lvgl/lvgl/src/widgets/label/../../draw/../misc/lv_bidi.h:71:20:lv_bidi_calculate_align	24	static
../Drivers/lvgl/lvgl/src/widgets/label/../../core/lv_obj_style_gen.h:22:23:lv_obj_get_style_width	24	static
../Drivers/lvgl/lvgl/src/widgets/label/../../core/lv_obj_style_gen.h:34:23:lv_obj_get_style_max_width	24	static
../Drivers/lvgl/lvgl/src/widgets/label/../../core/lv_obj_style_gen.h:148:23:lv_obj_get_style_pad_top	24	static
../Drivers/lvgl/lvgl/src/widgets/label/../../core/lv_obj_style_gen.h:160:23:lv_obj_get_style_pad_left	24	static
../Drivers/lvgl/lvgl/src/widgets/label/../../core/lv_obj_style_gen.h:208:26:lv_obj_get_style_bg_color	24	static
../Drivers/lvgl/lvgl/src/widgets/label/../../core/lv_obj_style_gen.h:532:26:lv_obj_get_style_text_color_filtered	32	static
../Drivers/lvgl/lvgl/src/widgets/label/../../core/lv_obj_style_gen.h:544:33:lv_obj_get_style_text_font	24	static
../Drivers/lvgl/lvgl/src/widgets/label/../../core/lv_obj_style_gen.h:550:23:lv_obj_get_style_text_letter_space	24	static
../Drivers/lvgl/lvgl/src/widgets/label/../../core/lv_obj_style_gen.h:556:23:lv_obj_get_style_text_line_space	24	static
../Drivers/lvgl/lvgl/src/widgets/label/../../core/lv_obj_style_gen.h:610:33:lv_obj_get_style_anim	24	static
../Drivers/lvgl/lvgl/src/widgets/label/../../core/lv_obj_style_gen.h:616:24:lv_obj_get_style_anim_duration	24	static
../Drivers/lvgl/lvgl/src/widgets/label/lv_label.c:123:12:lv_label_create	24	static
../Drivers/lvgl/lvgl/src/widgets/label/lv_label.c:135:6:lv_label_set_text	24	static
../Drivers/lvgl/lvgl/src/widgets/label/lv_label.c:178:6:lv_label_set_text_fmt	28	static
../Drivers/lvgl/lvgl/src/widgets/label/lv_label.c:206:6:lv_label_set_text_static	24	static
../Drivers/lvgl/lvgl/src/widgets/label/lv_label.c:224:6:lv_label_set_long_mode	24	static
../Drivers/lvgl/lvgl/src/widgets/label/lv_label.c:249:6:lv_label_set_text_selection_start	24	static
../Drivers/lvgl/lvgl/src/widgets/label/lv_label.c:263:6:lv_label_set_text_selection_end	24	static
../Drivers/lvgl/lvgl/src/widgets/label/lv_label.c:281:8:lv_label_get_text	24	static
../Drivers/lvgl/lvgl/src/widgets/label/lv_label.c:288:22:lv_label_get_long_mode	24	static
../Drivers/lvgl/lvgl/src/widgets/label/lv_label.c:295:6:lv_label_get_letter_pos	136	static
../Drivers/lvgl/lvgl/src/widgets/label/lv_label.c:402:10:lv_label_get_letter_on	176	static
../Drivers/lvgl/lvgl/src/widgets/label/lv_label.c:522:6:lv_label_is_char_under_pos	128	static
../Drivers/lvgl/lvgl/src/widgets/label/lv_label.c:596:10:lv_label_get_text_selection_start	24	static
../Drivers/lvgl/lvgl/src/widgets/label/lv_label.c:609:10:lv_label_get_text_selection_end	24	static
../Drivers/lvgl/lvgl/src/widgets/label/lv_label.c:626:6:lv_label_ins_text	40	static
../Drivers/lvgl/lvgl/src/widgets/label/lv_label.c:654:6:lv_label_cut_text	32	static
../Drivers/lvgl/lvgl/src/widgets/label/lv_label.c:676:13:lv_label_constructor	24	static
../Drivers/lvgl/lvgl/src/widgets/label/lv_label.c:709:13:lv_label_destructor	24	static
../Drivers/lvgl/lvgl/src/widgets/label/lv_label.c:719:13:lv_label_event	80	static
../Drivers/lvgl/lvgl/src/widgets/label/lv_label.c:772:13:draw_main	224	static
../Drivers/lvgl/lvgl/src/widgets/label/lv_label.c:867:13:overwrite_anim_property	24	static
../Drivers/lvgl/lvgl/src/widgets/label/lv_label.c:896:13:lv_label_refr_text	296	static
../Drivers/lvgl/lvgl/src/widgets/label/lv_label.c:1178:13:lv_label_revert_dots	40	static
../Drivers/lvgl/lvgl/src/widgets/label/lv_label.c:1209:13:lv_label_set_dot_tmp	32	static
../Drivers/lvgl/lvgl/src/widgets/label/lv_label.c:1239:15:lv_label_get_dot_tmp	24	static
../Drivers/lvgl/lvgl/src/widgets/label/lv_label.c:1255:13:lv_label_dot_tmp_free	24	static
../Drivers/lvgl/lvgl/src/widgets/label/lv_label.c:1265:13:set_ofs_x_anim	24	static
../Drivers/lvgl/lvgl/src/widgets/label/lv_label.c:1272:13:set_ofs_y_anim	24	static
../Drivers/lvgl/lvgl/src/widgets/label/lv_label.c:1279:15:get_text_length	24	static
../Drivers/lvgl/lvgl/src/widgets/label/lv_label.c:1291:13:copy_text_to_label	16	static
../Drivers/lvgl/lvgl/src/widgets/label/lv_label.c:1300:23:get_label_flags	24	static
../Drivers/lvgl/lvgl/src/widgets/label/lv_label.c:1317:13:calculate_x_coordinate	32	static
