../Drivers/lvgl/lvgl/src/widgets/imagebutton/../../core/../misc/../font/../draw/../misc/lv_area.h:107:20:lv_area_copy	16	static
../Drivers/lvgl/lvgl/src/widgets/imagebutton/../../core/../misc/../font/../draw/../misc/../stdlib/lv_string.h:73:20:lv_memzero	16	static
../Drivers/lvgl/lvgl/src/widgets/imagebutton/../../core/lv_obj_style_gen.h:82:23:lv_obj_get_style_transform_width	24	static
../Drivers/lvgl/lvgl/src/widgets/imagebutton/../../core/lv_obj_style_gen.h:88:23:lv_obj_get_style_transform_height	24	static
../Drivers/lvgl/lvgl/src/widgets/imagebutton/lv_imagebutton.c:63:12:lv_imagebutton_create	24	static
../Drivers/lvgl/lvgl/src/widgets/imagebutton/lv_imagebutton.c:75:6:lv_imagebutton_set_src	32	static
../Drivers/lvgl/lvgl/src/widgets/imagebutton/lv_imagebutton.c:89:6:lv_imagebutton_set_state	24	static
../Drivers/lvgl/lvgl/src/widgets/imagebutton/lv_imagebutton.c:113:14:lv_imagebutton_get_src_left	24	static
../Drivers/lvgl/lvgl/src/widgets/imagebutton/lv_imagebutton.c:122:14:lv_imagebutton_get_src_middle	24	static
../Drivers/lvgl/lvgl/src/widgets/imagebutton/lv_imagebutton.c:130:14:lv_imagebutton_get_src_right	24	static
../Drivers/lvgl/lvgl/src/widgets/imagebutton/lv_imagebutton.c:142:13:lv_imagebutton_constructor	24	static
../Drivers/lvgl/lvgl/src/widgets/imagebutton/lv_imagebutton.c:153:13:lv_imagebutton_event	40	static
../Drivers/lvgl/lvgl/src/widgets/imagebutton/lv_imagebutton.c:184:13:draw_main	232	static
../Drivers/lvgl/lvgl/src/widgets/imagebutton/lv_imagebutton.c:251:13:refr_image	32	static
../Drivers/lvgl/lvgl/src/widgets/imagebutton/lv_imagebutton.c:272:31:suggest_state	24	static
../Drivers/lvgl/lvgl/src/widgets/imagebutton/lv_imagebutton.c:303:31:get_state	24	static
../Drivers/lvgl/lvgl/src/widgets/imagebutton/lv_imagebutton.c:324:13:update_src_info	24	static
