../Core/Src/st7789v.c:53:13:ST7789V_WriteCommand	16	static
../Core/Src/st7789v.c:67:6:ST7789V_WriteData	24	static
../Core/Src/st7789v.c:90:13:ST7789V_WriteSmallData	16	static
../Core/Src/st7789v.c:103:6:ST7789V_SetRotation	16	static
../Core/Src/st7789v.c:129:6:ST7789V_SetAddressWindow	40	static
../Core/Src/st7789v.c:158:6:ST7789V_Init	8	static
../Core/Src/st7789v.c:272:6:MemsetBuffer	32	static
../Core/Src/st7789v.c:287:6:ST7789V_Fill_Color	24	static
../Core/Src/st7789v.c:318:6:ST7789V_DrawPixel	24	static
../Core/Src/st7789v.c:337:6:ST7789V_Fill	32	static
../Core/Src/st7789v.c:358:6:ST7789V_DrawPixel_4px	32	static
../Core/Src/st7789v.c:374:6:ST7789V_DrawLine	40	static
../Core/Src/st7789v.c:435:6:ST7789V_DrawRectangle	32	static
../Core/Src/st7789v.c:452:6:ST7789V_DrawCircle	40	static
../Core/Src/st7789v.c:496:6:ST7789V_DrawImage	24	static
../Core/Src/st7789v.c:516:6:ST7789V_InvertColors	16	static
../Core/Src/st7789v.c:532:6:ST7789V_WriteChar	40	static
../Core/Src/st7789v.c:563:6:ST7789V_WriteString	32	static
../Core/Src/st7789v.c:594:6:ST7789V_DrawFilledRectangle	40	static
../Core/Src/st7789v.c:628:6:ST7789V_DrawTriangle	32	static
../Core/Src/st7789v.c:644:6:ST7789V_DrawFilledTriangle	64	static
../Core/Src/st7789v.c:713:6:ST7789V_DrawFilledCircle	48	static
../Core/Src/st7789v.c:753:6:ST7789V_TearEffect	16	static
../Core/Src/st7789v.c:766:6:ST7789V_Test	24	static
../Core/Src/st7789v.c:841:6:ST7789V_Test2	24	static
../Core/Src/st7789v.c:863:13:ST7789V_SPI_Send_DMA	16	static
../Core/Src/st7789v.c:868:6:ST7789V_Send_Data_DMA	24	static
../Core/Src/st7789v.c:883:6:ST7789V_Flush	32	static
