../Drivers/lvgl/lvgl/src/indev/../core/../draw/../misc/../font/../draw/../misc/../stdlib/lv_string.h:73:20:lv_memzero	16	static
../Drivers/lvgl/lvgl/src/indev/../core/lv_obj_style_gen.h:106:23:lv_obj_get_style_transform_scale_x	24	static
../Drivers/lvgl/lvgl/src/indev/../core/lv_obj_style_gen.h:112:23:lv_obj_get_style_transform_scale_y	24	static
../Drivers/lvgl/lvgl/src/indev/../core/lv_obj_style_gen.h:118:23:lv_obj_get_style_transform_rotation	24	static
../Drivers/lvgl/lvgl/src/indev/../core/lv_obj_style_gen.h:652:24:lv_obj_get_style_rotary_sensitivity	24	static
../Drivers/lvgl/lvgl/src/indev/../core/lv_obj_style.h:290:23:lv_obj_get_style_transform_scale_x_safe	24	static
../Drivers/lvgl/lvgl/src/indev/../core/lv_obj_style.h:296:23:lv_obj_get_style_transform_scale_y_safe	24	static
../Drivers/lvgl/lvgl/src/indev/lv_indev.c:87:20:indev_scroll_throw_anim_reset	16	static
../Drivers/lvgl/lvgl/src/indev/lv_indev.c:113:14:lv_indev_create	16	static
../Drivers/lvgl/lvgl/src/indev/lv_indev.c:145:6:lv_indev_delete	16	static
../Drivers/lvgl/lvgl/src/indev/lv_indev.c:161:14:lv_indev_get_next	16	static
../Drivers/lvgl/lvgl/src/indev/lv_indev.c:169:6:indev_read_core	16	static
../Drivers/lvgl/lvgl/src/indev/lv_indev.c:199:6:lv_indev_read_timer_cb	16	static
../Drivers/lvgl/lvgl/src/indev/lv_indev.c:204:6:lv_indev_read	48	static
../Drivers/lvgl/lvgl/src/indev/lv_indev.c:272:6:lv_indev_enable	24	static
../Drivers/lvgl/lvgl/src/indev/lv_indev.c:286:14:lv_indev_active	4	static
../Drivers/lvgl/lvgl/src/indev/lv_indev.c:291:6:lv_indev_set_type	16	static
../Drivers/lvgl/lvgl/src/indev/lv_indev.c:299:6:lv_indev_set_read_cb	16	static
../Drivers/lvgl/lvgl/src/indev/lv_indev.c:306:6:lv_indev_set_user_data	16	static
../Drivers/lvgl/lvgl/src/indev/lv_indev.c:312:6:lv_indev_set_driver_data	16	static
../Drivers/lvgl/lvgl/src/indev/lv_indev.c:318:20:lv_indev_get_read_cb	16	static
../Drivers/lvgl/lvgl/src/indev/lv_indev.c:328:17:lv_indev_get_type	16	static
../Drivers/lvgl/lvgl/src/indev/lv_indev.c:335:18:lv_indev_get_state	16	static
../Drivers/lvgl/lvgl/src/indev/lv_indev.c:342:14:lv_indev_get_group	16	static
../Drivers/lvgl/lvgl/src/indev/lv_indev.c:349:16:lv_indev_get_display	16	static
../Drivers/lvgl/lvgl/src/indev/lv_indev.c:356:6:lv_indev_set_display	16	static
../Drivers/lvgl/lvgl/src/indev/lv_indev.c:363:6:lv_indev_set_long_press_time	16	static
../Drivers/lvgl/lvgl/src/indev/lv_indev.c:370:6:lv_indev_set_scroll_limit	16	static
../Drivers/lvgl/lvgl/src/indev/lv_indev.c:377:6:lv_indev_set_scroll_throw	16	static
../Drivers/lvgl/lvgl/src/indev/lv_indev.c:384:8:lv_indev_get_user_data	16	static
../Drivers/lvgl/lvgl/src/indev/lv_indev.c:390:8:lv_indev_get_driver_data	16	static
../Drivers/lvgl/lvgl/src/indev/lv_indev.c:397:6:lv_indev_get_press_moved	16	static
../Drivers/lvgl/lvgl/src/indev/lv_indev.c:404:6:lv_indev_reset	24	static
../Drivers/lvgl/lvgl/src/indev/lv_indev.c:419:6:lv_indev_stop_processing	16	static
../Drivers/lvgl/lvgl/src/indev/lv_indev.c:425:6:lv_indev_reset_long_press	16	static
../Drivers/lvgl/lvgl/src/indev/lv_indev.c:432:6:lv_indev_set_cursor	24	static
../Drivers/lvgl/lvgl/src/indev/lv_indev.c:443:6:lv_indev_set_group	16	static
../Drivers/lvgl/lvgl/src/indev/lv_indev.c:450:6:lv_indev_set_button_points	16	static
../Drivers/lvgl/lvgl/src/indev/lv_indev.c:457:6:lv_indev_get_point	16	static
../Drivers/lvgl/lvgl/src/indev/lv_indev.c:473:10:lv_indev_get_gesture_dir	16	static
../Drivers/lvgl/lvgl/src/indev/lv_indev.c:478:10:lv_indev_get_key	24	static
../Drivers/lvgl/lvgl/src/indev/lv_indev.c:488:10:lv_indev_get_scroll_dir	16	static
../Drivers/lvgl/lvgl/src/indev/lv_indev.c:495:12:lv_indev_get_scroll_obj	16	static
../Drivers/lvgl/lvgl/src/indev/lv_indev.c:502:6:lv_indev_get_vect	16	static
../Drivers/lvgl/lvgl/src/indev/lv_indev.c:515:6:lv_indev_wait_release	16	static
../Drivers/lvgl/lvgl/src/indev/lv_indev.c:521:12:lv_indev_get_active_obj	4	static
../Drivers/lvgl/lvgl/src/indev/lv_indev.c:526:14:lv_indev_get_read_timer	16	static
../Drivers/lvgl/lvgl/src/indev/lv_indev.c:536:17:lv_indev_get_mode	16	static
../Drivers/lvgl/lvgl/src/indev/lv_indev.c:542:6:lv_indev_set_mode	16	static
../Drivers/lvgl/lvgl/src/indev/lv_indev.c:560:12:lv_indev_search_obj	72	static
../Drivers/lvgl/lvgl/src/indev/lv_indev.c:596:6:lv_indev_add_event_cb	24	static
../Drivers/lvgl/lvgl/src/indev/lv_indev.c:603:10:lv_indev_get_event_count	16	static
../Drivers/lvgl/lvgl/src/indev/lv_indev.c:609:18:lv_indev_get_event_dsc	16	static
../Drivers/lvgl/lvgl/src/indev/lv_indev.c:616:6:lv_indev_remove_event	16	static
../Drivers/lvgl/lvgl/src/indev/lv_indev.c:623:10:lv_indev_remove_event_cb_with_user_data	40	static
../Drivers/lvgl/lvgl/src/indev/lv_indev.c:642:13:lv_indev_send_event	56	static
../Drivers/lvgl/lvgl/src/indev/lv_indev.c:670:13:indev_pointer_proc	24	static
../Drivers/lvgl/lvgl/src/indev/lv_indev.c:730:13:indev_keypad_proc	32	static
../Drivers/lvgl/lvgl/src/indev/lv_indev.c:872:13:indev_encoder_proc	40	static
../Drivers/lvgl/lvgl/src/indev/lv_indev.c:1101:13:indev_button_proc	24	static
../Drivers/lvgl/lvgl/src/indev/lv_indev.c:1148:13:indev_proc_press	32	static
../Drivers/lvgl/lvgl/src/indev/lv_indev.c:1306:13:indev_proc_release	80	static
../Drivers/lvgl/lvgl/src/indev/lv_indev.c:1404:13:indev_proc_pointer_diff	56	static
../Drivers/lvgl/lvgl/src/indev/lv_indev.c:1438:19:pointer_search_obj	16	static
../Drivers/lvgl/lvgl/src/indev/lv_indev.c:1461:13:indev_proc_reset_query_handler	16	static
../Drivers/lvgl/lvgl/src/indev/lv_indev.c:1489:13:indev_click_focus	24	static
../Drivers/lvgl/lvgl/src/indev/lv_indev.c:1557:6:indev_gesture	24	static
../Drivers/lvgl/lvgl/src/indev/lv_indev.c:1612:13:indev_reset_check	16	static
../Drivers/lvgl/lvgl/src/indev/lv_indev.c:1626:13:indev_stop_processing_check	16	static
../Drivers/lvgl/lvgl/src/indev/lv_indev.c:1636:13:indev_reset_core	24	static
../Drivers/lvgl/lvgl/src/indev/lv_indev.c:1676:20:send_event	24	static
../Drivers/lvgl/lvgl/src/indev/lv_indev.c:1703:13:indev_scroll_throw_anim_cb	24	static
../Drivers/lvgl/lvgl/src/indev/lv_indev.c:1719:13:indev_scroll_throw_anim_completed_cb	16	static
../Drivers/lvgl/lvgl/src/indev/lv_indev.c:1726:13:indev_scroll_throw_anim_start	104	static
