../Drivers/lvgl/lvgl/src/indev/../core/lv_obj_style_gen.h:106:23:lv_obj_get_style_transform_scale_x	24	static
../Drivers/lvgl/lvgl/src/indev/../core/lv_obj_style_gen.h:112:23:lv_obj_get_style_transform_scale_y	24	static
../Drivers/lvgl/lvgl/src/indev/../core/lv_obj_style_gen.h:118:23:lv_obj_get_style_transform_rotation	24	static
../Drivers/lvgl/lvgl/src/indev/../core/lv_obj_style_gen.h:148:23:lv_obj_get_style_pad_top	24	static
../Drivers/lvgl/lvgl/src/indev/../core/lv_obj_style_gen.h:154:23:lv_obj_get_style_pad_bottom	24	static
../Drivers/lvgl/lvgl/src/indev/../core/lv_obj_style_gen.h:160:23:lv_obj_get_style_pad_left	24	static
../Drivers/lvgl/lvgl/src/indev/../core/lv_obj_style_gen.h:166:23:lv_obj_get_style_pad_right	24	static
../Drivers/lvgl/lvgl/src/indev/../core/lv_obj_style.h:290:23:lv_obj_get_style_transform_scale_x_safe	24	static
../Drivers/lvgl/lvgl/src/indev/../core/lv_obj_style.h:296:23:lv_obj_get_style_transform_scale_y_safe	24	static
../Drivers/lvgl/lvgl/src/indev/lv_indev_scroll.c:46:6:lv_indev_scroll_handler	96	static
../Drivers/lvgl/lvgl/src/indev/lv_indev_scroll.c:115:6:lv_indev_scroll_throw_handler	88	static
../Drivers/lvgl/lvgl/src/indev/lv_indev_scroll.c:227:9:lv_indev_scroll_throw_predict	32	static
../Drivers/lvgl/lvgl/src/indev/lv_indev_scroll.c:252:6:lv_indev_scroll_get_snap_dist	16	static
../Drivers/lvgl/lvgl/src/indev/lv_indev_scroll.c:258:12:lv_indev_find_scroll_obj	128	static
../Drivers/lvgl/lvgl/src/indev/lv_indev_scroll.c:440:13:init_scroll_limits	48	static
../Drivers/lvgl/lvgl/src/indev/lv_indev_scroll.c:514:16:find_snap_point_x	72	static
../Drivers/lvgl/lvgl/src/indev/lv_indev_scroll.c:570:16:find_snap_point_y	72	static
../Drivers/lvgl/lvgl/src/indev/lv_indev_scroll.c:616:13:scroll_limit_diff	24	static
../Drivers/lvgl/lvgl/src/indev/lv_indev_scroll.c:639:16:elastic_diff	72	static
