../Drivers/lvgl/lvgl/src/widgets/span/../../core/../misc/../font/../draw/../misc/../stdlib/lv_string.h:73:20:lv_memzero	16	static
../Drivers/lvgl/lvgl/src/widgets/span/../../core/lv_obj_style_gen.h:22:23:lv_obj_get_style_width	24	static
../Drivers/lvgl/lvgl/src/widgets/span/../../core/lv_obj_style_gen.h:40:23:lv_obj_get_style_height	24	static
../Drivers/lvgl/lvgl/src/widgets/span/../../core/lv_obj_style_gen.h:526:26:lv_obj_get_style_text_color	24	static
../Drivers/lvgl/lvgl/src/widgets/span/../../core/lv_obj_style_gen.h:538:24:lv_obj_get_style_text_opa	24	static
../Drivers/lvgl/lvgl/src/widgets/span/../../core/lv_obj_style_gen.h:544:33:lv_obj_get_style_text_font	24	static
../Drivers/lvgl/lvgl/src/widgets/span/../../core/lv_obj_style_gen.h:550:23:lv_obj_get_style_text_letter_space	24	static
../Drivers/lvgl/lvgl/src/widgets/span/../../core/lv_obj_style_gen.h:556:23:lv_obj_get_style_text_line_space	24	static
../Drivers/lvgl/lvgl/src/widgets/span/../../core/lv_obj_style_gen.h:562:31:lv_obj_get_style_text_decor	24	static
../Drivers/lvgl/lvgl/src/widgets/span/../../core/lv_obj_style_gen.h:568:31:lv_obj_get_style_text_align	24	static
../Drivers/lvgl/lvgl/src/widgets/span/../../core/lv_obj_style_gen.h:628:31:lv_obj_get_style_blend_mode	24	static
../Drivers/lvgl/lvgl/src/widgets/span/../../misc/lv_text_private.h:89:20:lv_text_is_break_char	24	static
../Drivers/lvgl/lvgl/src/widgets/span/../../misc/lv_text_private.h:110:20:lv_text_is_a_word	16	static
../Drivers/lvgl/lvgl/src/widgets/span/lv_span.c:94:6:lv_span_stack_init	16	static
../Drivers/lvgl/lvgl/src/widgets/span/lv_span.c:103:6:lv_span_stack_deinit	8	static
../Drivers/lvgl/lvgl/src/widgets/span/lv_span.c:108:12:lv_spangroup_create	24	static
../Drivers/lvgl/lvgl/src/widgets/span/lv_span.c:115:13:lv_spangroup_new_span	24	static
../Drivers/lvgl/lvgl/src/widgets/span/lv_span.c:136:6:lv_spangroup_delete_span	24	static
../Drivers/lvgl/lvgl/src/widgets/span/lv_span.c:166:6:lv_span_set_text	24	static
../Drivers/lvgl/lvgl/src/widgets/span/lv_span.c:191:6:lv_span_set_text_static	16	static
../Drivers/lvgl/lvgl/src/widgets/span/lv_span.c:207:6:lv_spangroup_set_align	16	static
../Drivers/lvgl/lvgl/src/widgets/span/lv_span.c:212:6:lv_spangroup_set_overflow	24	static
../Drivers/lvgl/lvgl/src/widgets/span/lv_span.c:222:6:lv_spangroup_set_indent	24	static
../Drivers/lvgl/lvgl/src/widgets/span/lv_span.c:233:6:lv_spangroup_set_mode	24	static
../Drivers/lvgl/lvgl/src/widgets/span/lv_span.c:244:6:lv_spangroup_set_max_lines	24	static
../Drivers/lvgl/lvgl/src/widgets/span/lv_span.c:256:14:lv_span_get_style	16	static
../Drivers/lvgl/lvgl/src/widgets/span/lv_span.c:261:13:lv_spangroup_get_child	40	static
../Drivers/lvgl/lvgl/src/widgets/span/lv_span.c:298:10:lv_spangroup_get_span_count	24	static
../Drivers/lvgl/lvgl/src/widgets/span/lv_span.c:311:17:lv_spangroup_get_align	16	static
../Drivers/lvgl/lvgl/src/widgets/span/lv_span.c:316:20:lv_spangroup_get_overflow	24	static
../Drivers/lvgl/lvgl/src/widgets/span/lv_span.c:323:9:lv_spangroup_get_indent	24	static
../Drivers/lvgl/lvgl/src/widgets/span/lv_span.c:330:16:lv_spangroup_get_mode	24	static
../Drivers/lvgl/lvgl/src/widgets/span/lv_span.c:337:9:lv_spangroup_get_max_lines	24	static
../Drivers/lvgl/lvgl/src/widgets/span/lv_span.c:344:6:lv_spangroup_refr_mode	32	static
../Drivers/lvgl/lvgl/src/widgets/span/lv_span.c:378:9:lv_spangroup_get_max_line_height	40	static
../Drivers/lvgl/lvgl/src/widgets/span/lv_span.c:396:10:lv_spangroup_get_expand_width	56	static
../Drivers/lvgl/lvgl/src/widgets/span/lv_span.c:428:9:lv_spangroup_get_expand_height	152	static
../Drivers/lvgl/lvgl/src/widgets/span/lv_span.c:541:13:lv_spangroup_constructor	24	static
../Drivers/lvgl/lvgl/src/widgets/span/lv_span.c:555:13:lv_spangroup_destructor	24	static
../Drivers/lvgl/lvgl/src/widgets/span/lv_span.c:572:13:lv_spangroup_event	40	static
../Drivers/lvgl/lvgl/src/widgets/span/lv_span.c:629:13:draw_main	24	static
../Drivers/lvgl/lvgl/src/widgets/span/lv_span.c:640:13:lv_text_get_snippet	40	static
../Drivers/lvgl/lvgl/src/widgets/span/lv_span.c:668:13:lv_snippet_push	24	static
../Drivers/lvgl/lvgl/src/widgets/span/lv_span.c:680:17:lv_get_snippet_count	4	static
../Drivers/lvgl/lvgl/src/widgets/span/lv_span.c:685:23:lv_get_snippet	16	static
../Drivers/lvgl/lvgl/src/widgets/span/lv_span.c:690:13:lv_snippet_clear	4	static
../Drivers/lvgl/lvgl/src/widgets/span/lv_span.c:695:26:lv_span_get_style_text_font	32	static
../Drivers/lvgl/lvgl/src/widgets/span/lv_span.c:709:16:lv_span_get_style_text_letter_space	32	static
../Drivers/lvgl/lvgl/src/widgets/span/lv_span.c:723:19:lv_span_get_style_text_color	24	static
../Drivers/lvgl/lvgl/src/widgets/span/lv_span.c:733:17:lv_span_get_style_text_opa	24	static
../Drivers/lvgl/lvgl/src/widgets/span/lv_span.c:747:24:lv_span_get_style_text_blend_mode	24	static
../Drivers/lvgl/lvgl/src/widgets/span/lv_span.c:761:16:lv_span_get_style_text_decor	32	static
../Drivers/lvgl/lvgl/src/widgets/span/lv_span.c:775:20:span_text_check	16	static
../Drivers/lvgl/lvgl/src/widgets/span/lv_span.c:783:16:convert_indent_pct	24	static
../Drivers/lvgl/lvgl/src/widgets/span/lv_span.c:806:13:lv_draw_span	456	static
../Drivers/lvgl/lvgl/src/widgets/span/lv_span.c:1081:13:refresh_self_size	24	static
