../Drivers/lvgl/lvgl/src/display/../display/../core/../misc/../font/../draw/../misc/../stdlib/lv_string.h:73:20:lv_memzero	16	static
../Drivers/lvgl/lvgl/src/display/lv_display.c:62:16:lv_display_create	40	static
../Drivers/lvgl/lvgl/src/display/lv_display.c:158:6:lv_display_delete	24	static
../Drivers/lvgl/lvgl/src/display/lv_display.c:214:6:lv_display_set_default	16	static
../Drivers/lvgl/lvgl/src/display/lv_display.c:219:16:lv_display_get_default	4	static
../Drivers/lvgl/lvgl/src/display/lv_display.c:224:16:lv_display_get_next	16	static
../Drivers/lvgl/lvgl/src/display/lv_display.c:236:6:lv_display_set_resolution	24	static
../Drivers/lvgl/lvgl/src/display/lv_display.c:249:6:lv_display_set_physical_resolution	24	static
../Drivers/lvgl/lvgl/src/display/lv_display.c:261:6:lv_display_set_offset	24	static
../Drivers/lvgl/lvgl/src/display/lv_display.c:273:6:lv_display_set_dpi	16	static
../Drivers/lvgl/lvgl/src/display/lv_display.c:281:9:lv_display_get_horizontal_resolution	16	static
../Drivers/lvgl/lvgl/src/display/lv_display.c:299:9:lv_display_get_vertical_resolution	16	static
../Drivers/lvgl/lvgl/src/display/lv_display.c:317:9:lv_display_get_physical_horizontal_resolution	16	static
../Drivers/lvgl/lvgl/src/display/lv_display.c:335:9:lv_display_get_physical_vertical_resolution	16	static
../Drivers/lvgl/lvgl/src/display/lv_display.c:353:9:lv_display_get_offset_x	16	static
../Drivers/lvgl/lvgl/src/display/lv_display.c:374:9:lv_display_get_offset_y	16	static
../Drivers/lvgl/lvgl/src/display/lv_display.c:395:9:lv_display_get_dpi	16	static
../Drivers/lvgl/lvgl/src/display/lv_display.c:406:6:lv_display_set_draw_buffers	24	static
../Drivers/lvgl/lvgl/src/display/lv_display.c:416:6:lv_display_set_buffers	56	static
../Drivers/lvgl/lvgl/src/display/lv_display.c:447:6:lv_display_set_render_mode	16	static
../Drivers/lvgl/lvgl/src/display/lv_display.c:454:6:lv_display_set_flush_cb	16	static
../Drivers/lvgl/lvgl/src/display/lv_display.c:462:6:lv_display_set_flush_wait_cb	16	static
../Drivers/lvgl/lvgl/src/display/lv_display.c:470:6:lv_display_set_color_format	16	static
../Drivers/lvgl/lvgl/src/display/lv_display.c:483:19:lv_display_get_color_format	16	static
../Drivers/lvgl/lvgl/src/display/lv_display.c:491:6:lv_display_set_antialiasing	16	static
../Drivers/lvgl/lvgl/src/display/lv_display.c:499:6:lv_display_get_antialiasing	16	static
../Drivers/lvgl/lvgl/src/display/lv_display.c:507:31:lv_display_flush_ready	16	static
../Drivers/lvgl/lvgl/src/display/lv_display.c:512:31:lv_display_flush_is_last	16	static
../Drivers/lvgl/lvgl/src/display/lv_display.c:517:6:lv_display_is_double_buffered	16	static
../Drivers/lvgl/lvgl/src/display/lv_display.c:526:12:lv_display_get_screen_active	16	static
../Drivers/lvgl/lvgl/src/display/lv_display.c:537:12:lv_display_get_screen_prev	16	static
../Drivers/lvgl/lvgl/src/display/lv_display.c:548:12:lv_display_get_layer_top	16	static
../Drivers/lvgl/lvgl/src/display/lv_display.c:559:12:lv_display_get_layer_sys	16	static
../Drivers/lvgl/lvgl/src/display/lv_display.c:570:12:lv_display_get_layer_bottom	16	static
../Drivers/lvgl/lvgl/src/display/lv_display.c:581:6:lv_screen_load	24	static
../Drivers/lvgl/lvgl/src/display/lv_display.c:586:6:lv_screen_load_anim	208	static
../Drivers/lvgl/lvgl/src/display/lv_display.c:734:6:lv_display_add_event_cb	24	static
../Drivers/lvgl/lvgl/src/display/lv_display.c:741:10:lv_display_get_event_count	16	static
../Drivers/lvgl/lvgl/src/display/lv_display.c:747:18:lv_display_get_event_dsc	16	static
../Drivers/lvgl/lvgl/src/display/lv_display.c:754:6:lv_display_delete_event	16	static
../Drivers/lvgl/lvgl/src/display/lv_display.c:761:10:lv_display_remove_event_cb_with_user_data	40	static
../Drivers/lvgl/lvgl/src/display/lv_display.c:780:13:lv_display_send_event	56	static
../Drivers/lvgl/lvgl/src/display/lv_display.c:799:6:lv_display_set_rotation	16	static
../Drivers/lvgl/lvgl/src/display/lv_display.c:808:23:lv_display_get_rotation	16	static
../Drivers/lvgl/lvgl/src/display/lv_display.c:815:6:lv_display_set_theme	16	static
../Drivers/lvgl/lvgl/src/display/lv_display.c:833:14:lv_display_get_theme	16	static
../Drivers/lvgl/lvgl/src/display/lv_display.c:839:10:lv_display_get_inactive_time	32	static
../Drivers/lvgl/lvgl/src/display/lv_display.c:855:6:lv_display_trigger_activity	16	static
../Drivers/lvgl/lvgl/src/display/lv_display.c:866:6:lv_display_enable_invalidation	16	static
../Drivers/lvgl/lvgl/src/display/lv_display.c:877:6:lv_display_is_invalidation_enabled	16	static
../Drivers/lvgl/lvgl/src/display/lv_display.c:888:14:lv_display_get_refr_timer	16	static
../Drivers/lvgl/lvgl/src/display/lv_display.c:896:6:lv_display_delete_refr_timer	16	static
../Drivers/lvgl/lvgl/src/display/lv_display.c:905:6:lv_display_set_user_data	16	static
../Drivers/lvgl/lvgl/src/display/lv_display.c:912:6:lv_display_set_driver_data	16	static
../Drivers/lvgl/lvgl/src/display/lv_display.c:920:8:lv_display_get_user_data	16	static
../Drivers/lvgl/lvgl/src/display/lv_display.c:927:8:lv_display_get_driver_data	16	static
../Drivers/lvgl/lvgl/src/display/lv_display.c:935:17:lv_display_get_buf_active	16	static
../Drivers/lvgl/lvgl/src/display/lv_display.c:942:6:lv_display_rotate_area	32	static
../Drivers/lvgl/lvgl/src/display/lv_display.c:973:12:lv_screen_active	8	static
../Drivers/lvgl/lvgl/src/display/lv_display.c:978:12:lv_layer_top	8	static
../Drivers/lvgl/lvgl/src/display/lv_display.c:983:12:lv_layer_sys	8	static
../Drivers/lvgl/lvgl/src/display/lv_display.c:988:12:lv_layer_bottom	8	static
../Drivers/lvgl/lvgl/src/display/lv_display.c:993:9:lv_dpx	16	static
../Drivers/lvgl/lvgl/src/display/lv_display.c:998:9:lv_display_dpx	16	static
../Drivers/lvgl/lvgl/src/display/lv_display.c:1007:13:update_resolution	48	static
../Drivers/lvgl/lvgl/src/display/lv_display.c:1043:31:invalidate_layout_cb	16	static
../Drivers/lvgl/lvgl/src/display/lv_display.c:1050:13:scr_load_internal	24	static
../Drivers/lvgl/lvgl/src/display/lv_display.c:1073:13:scr_load_anim_start	24	static
../Drivers/lvgl/lvgl/src/display/lv_display.c:1083:13:opa_scale_anim	16	static
../Drivers/lvgl/lvgl/src/display/lv_display.c:1088:13:set_x_anim	16	static
../Drivers/lvgl/lvgl/src/display/lv_display.c:1093:13:set_y_anim	16	static
../Drivers/lvgl/lvgl/src/display/lv_display.c:1098:13:scr_anim_completed	24	static
../Drivers/lvgl/lvgl/src/display/lv_display.c:1113:13:is_out_anim	16	static
../Drivers/lvgl/lvgl/src/display/lv_display.c:1122:13:disp_event_cb	24	static
